[2025-03-16 05:23:06] Error: Duplicate entry 'markandrieremot25@gmail.com' for key 'email'
